To honour the JVM settings for this build a single-use Daemon process will be forked. For more on this, please refer to https://docs.gradle.org/8.6/userguide/gradle_daemon.html#sec:disabling_the_daemon in the Gradle documentation.
Daemon will be stopped at the end of the build 
Calculating task graph as no cached configuration is available for tasks: :app:lintDebug
> Task :app:preBuild UP-TO-DATE
> Task :app:preDebugBuild UP-TO-DATE
> Task :app:checkKotlinGradlePluginConfigurationErrors
> Task :app:createDebugCompatibleScreenManifests UP-TO-DATE
> Task :app:preDebugAndroidTestBuild SKIPPED
> Task :app:javaPreCompileDebug UP-TO-DATE
> Task :app:generateDebugResValues UP-TO-DATE
> Task :app:generateDebugAndroidTestResValues
> Task :app:generateDebugResources UP-TO-DATE
> Task :app:extractProguardFiles
> Task :app:packageDebugResources UP-TO-DATE
> Task :app:parseDebugLocalResources UP-TO-DATE
> Task :app:extractDeepLinksDebug UP-TO-DATE
> Task :app:mapDebugSourceSetPaths UP-TO-DATE
> Task :app:preDebugUnitTestBuild UP-TO-DATE
> Task :app:checkDebugAarMetadata UP-TO-DATE
> Task :app:mergeDebugResources UP-TO-DATE
> Task :app:processDebugMainManifest UP-TO-DATE
> Task :app:processDebugManifest UP-TO-DATE
> Task :app:processDebugManifestForPackage UP-TO-DATE
> Task :app:processDebugResources UP-TO-DATE
> Task :app:compileDebugKotlin UP-TO-DATE
> Task :app:compileDebugJavaWithJavac NO-SOURCE
> Task :app:bundleDebugClassesToCompileJar UP-TO-DATE
> Task :app:generateDebugLintReportModel
> Task :app:generateDebugUnitTestLintModel
> Task :app:generateDebugAndroidTestLintModel
> Task :app:lintAnalyzeDebugAndroidTest
> Task :app:lintAnalyzeDebugUnitTest
> Task :app:lintAnalyzeDebug

> Task :app:lintReportDebug
Wrote HTML report to file:///home/runner/work/pictureClean/pictureClean/app/build/reports/lint-results-debug.html

> Task :app:lintDebug FAILED
Lint found 1 errors, 19 warnings. First failure:

/home/runner/work/pictureClean/pictureClean/app/src/main/java/com/yihua/app/viewmodel/PhotoViewModel.kt:267: Error: Call requires API level 30 (current min is 29): requestSystemDelete [NewApi]
            DeleteStrategy.SystemConfirmation -> requestSystemDelete(queue)
                                                 ~~~~~~~~~~~~~~~~~~~

   Explanation for issues of type "NewApi":
   This check scans through all the Android API calls in the application and
   warns about any calls that are not available on all versions targeted by
   this application (according to its minimum SDK attribute in the manifest).

   If you really want to use this API and don't need to support older devices
   just set the minSdkVersion in your build.gradle or AndroidManifest.xml
   files.

   If your code is deliberately accessing newer APIs, and you have ensured
   (e.g. with conditional execution) that this code will only ever be called
   on a supported platform, then you can annotate your class or method with
   the @TargetApi annotation specifying the local minimum SDK to apply, such
   as @TargetApi(11), such that this check considers 11 rather than your
   manifest file's minimum SDK as the required API level.

   If you are deliberately setting android: attributes in style definitions,
   make sure you place this in a values-vNN folder in order to avoid running
   into runtime conflicts on certain devices where manufacturers have added
   custom attributes whose ids conflict with the new ones on later platforms.

   Similarly, you can use tools:targetApi="11" in an XML file to indicate that
   the element will only be inflated in an adequate context.


The full lint text report is located at:
  /home/runner/work/pictureClean/pictureClean/app/build/intermediates/lint_intermediate_text_report/debug/lintReportDebug/lint-results-debug.txt

FAILURE: Build failed with an exception.

* What went wrong:
Execution failed for task ':app:lintDebug'.
> Lint found errors in the project; aborting build.
  
  Fix the issues identified by lint, or create a baseline to see only new errors.
  To create a baseline, run `gradlew updateLintBaseline` after adding the following to the module's build.gradle file:
  ```
  android {
      lint {
          baseline = file("lint-baseline.xml")
      }
  }
  ```
  For more details, see https://developer.android.com/studio/write/lint#snapshot
  
  Lint found 1 errors, 19 warnings. First failure:
  
  /home/runner/work/pictureClean/pictureClean/app/src/main/java/com/yihua/app/viewmodel/PhotoViewModel.kt:267: Error: Call requires API level 30 (current min is 29): requestSystemDelete [NewApi]
              DeleteStrategy.SystemConfirmation -> requestSystemDelete(queue)
                                                   ~~~~~~~~~~~~~~~~~~~
  
     Explanation for issues of type "NewApi":
     This check scans through all the Android API calls in the application and
     warns about any calls that are not available on all versions targeted by
     this application (according to its minimum SDK attribute in the manifest).
  
     If you really want to use this API and don't need to support older devices
     just set the minSdkVersion in your build.gradle or AndroidManifest.xml
     files.
  
     If your code is deliberately accessing newer APIs, and you have ensured
     (e.g. with conditional execution) that this code will only ever be called
     on a supported platform, then you can annotate your class or method with
     the @TargetApi annotation specifying the local minimum SDK to apply, such
     as @TargetApi(11), such that this check considers 11 rather than your
     manifest file's minimum SDK as the required API level.
  
     If you are deliberately setting android: attributes in style definitions,
     make sure you place this in a values-vNN folder in order to avoid running
     into runtime conflicts on certain devices where manufacturers have added
     custom attributes whose ids conflict with the new ones on later platforms.
  
     Similarly, you can use tools:targetApi="11" in an XML file to indicate that
     the element will only be inflated in an adequate context.
  
  
  The full lint text report is located at:
    /home/runner/work/pictureClean/pictureClean/app/build/intermediates/lint_intermediate_text_report/debug/lintReportDebug/lint-results-debug.txt

* Try:
> Run with --stacktrace option to get the stack trace.
> Run with --info or --debug option to get more log output.
> Run with --scan to get full insights.
> Get more help at https://help.gradle.org.

BUILD FAILED in 34s
27 actionable tasks: 11 executed, 16 up-to-date
Configuration cache entry stored.
